"id", "tournament_id", "team_name", "representive_name", "email", "phone", "create_date", "update_date"
1, 1, "team1", "representive1", "email1", "phone1", "2018-08-07 10:00:00", null