"tournament_id", "team_name", "representive_name", "email", "phone", "update_date"
1, "team2", "representive2", "shintaro.0112@gmail.com", "phone2", null