"id", "title", "subtitle", "date", "image", "description", "create_date", "update_date"
1, "title1", "subtitle1", "2018-08-07 10:00:00", "image1.jpg", "description1", "2018-08-07 10:00:00", null